[1/3] Real burn-in: 20000 events, training proxy VAE...
[real burn-in] 20000 events, VAE loss=3.2261, residual mean=-0.000 std=1.000

[2/3] Precomputing shared residual windows/caches (identical to real_data_retune.py's, for apples-to-apples comparison)...

[3/3] Calibrating h for target FAR in [0.02, 0.05, 0.1] (k=0.5 fixed)...

 target_far  chosen_h  measured_FAR  masked_miss   rad_miss
       0.02     12.00         0.020         1.00       0.70
       0.05     11.00         0.045         0.90       0.40
       0.10     10.25         0.100         0.90       0.20

Done. Results written to results/calibrated_multiseed/seed0.json

Compare 'held_out_false_alarm_rate' here against the manual grid's
'false_alarm_rate' column in results/real_data_retune.json at a similar
h -- if calibrate_h's held-out FAR tracks target_far more closely than
the manual grid's FAR tracked the Gaussian-theory expectation for that
h, that's the evidence the empirical-calibration approach is doing its
job. As with real_data_retune.py: this is a single-seed diagnostic --
confirm across multiple seeds before citing a specific number.
[1/3] Real burn-in: 20000 events, training proxy VAE...
[real burn-in] 20000 events, VAE loss=2.8880, residual mean=-0.000 std=1.000

[2/3] Precomputing shared residual windows/caches (identical to real_data_retune.py's, for apples-to-apples comparison)...

[3/3] Calibrating h for target FAR in [0.02, 0.05, 0.1] (k=0.5 fixed)...

 target_far  chosen_h  measured_FAR  masked_miss   rad_miss
       0.02     11.25         0.020         0.70       0.90
       0.05     10.50         0.050         0.60       0.90
       0.10     10.00         0.090         0.60       0.80

Done. Results written to results/calibrated_multiseed/seed1.json

Compare 'held_out_false_alarm_rate' here against the manual grid's
'false_alarm_rate' column in results/real_data_retune.json at a similar
h -- if calibrate_h's held-out FAR tracks target_far more closely than
the manual grid's FAR tracked the Gaussian-theory expectation for that
h, that's the evidence the empirical-calibration approach is doing its
job. As with real_data_retune.py: this is a single-seed diagnostic --
confirm across multiple seeds before citing a specific number.
[1/3] Real burn-in: 20000 events, training proxy VAE...
[real burn-in] 20000 events, VAE loss=3.2069, residual mean=-0.000 std=1.000

[2/3] Precomputing shared residual windows/caches (identical to real_data_retune.py's, for apples-to-apples comparison)...

[3/3] Calibrating h for target FAR in [0.02, 0.05, 0.1] (k=0.5 fixed)...

 target_far  chosen_h  measured_FAR  masked_miss   rad_miss
       0.02     11.25         0.020         1.00       0.60
       0.05     10.50         0.040         0.80       0.40
       0.10     10.00         0.075         0.80       0.20

Done. Results written to results/calibrated_multiseed/seed2.json

Compare 'held_out_false_alarm_rate' here against the manual grid's
'false_alarm_rate' column in results/real_data_retune.json at a similar
h -- if calibrate_h's held-out FAR tracks target_far more closely than
the manual grid's FAR tracked the Gaussian-theory expectation for that
h, that's the evidence the empirical-calibration approach is doing its
job. As with real_data_retune.py: this is a single-seed diagnostic --
confirm across multiple seeds before citing a specific number.
[1/3] Real burn-in: 20000 events, training proxy VAE...
[real burn-in] 20000 events, VAE loss=3.0285, residual mean=-0.000 std=1.000

[2/3] Precomputing shared residual windows/caches (identical to real_data_retune.py's, for apples-to-apples comparison)...

[3/3] Calibrating h for target FAR in [0.02, 0.05, 0.1] (k=0.5 fixed)...

 target_far  chosen_h  measured_FAR  masked_miss   rad_miss
       0.02     11.25         0.015         0.70       0.30
       0.05     10.25         0.050         0.50       0.30
       0.10      9.75         0.070         0.40       0.00

Done. Results written to results/calibrated_multiseed/seed3.json

Compare 'held_out_false_alarm_rate' here against the manual grid's
'false_alarm_rate' column in results/real_data_retune.json at a similar
h -- if calibrate_h's held-out FAR tracks target_far more closely than
the manual grid's FAR tracked the Gaussian-theory expectation for that
h, that's the evidence the empirical-calibration approach is doing its
job. As with real_data_retune.py: this is a single-seed diagnostic --
confirm across multiple seeds before citing a specific number.
[1/3] Real burn-in: 20000 events, training proxy VAE...
[real burn-in] 20000 events, VAE loss=3.2082, residual mean=-0.000 std=1.000

[2/3] Precomputing shared residual windows/caches (identical to real_data_retune.py's, for apples-to-apples comparison)...

[3/3] Calibrating h for target FAR in [0.02, 0.05, 0.1] (k=0.5 fixed)...

 target_far  chosen_h  measured_FAR  masked_miss   rad_miss
       0.02     11.25         0.015         0.80       0.00
       0.05     10.00         0.040         0.70       0.00
       0.10      9.50         0.095         0.70       0.00

Done. Results written to results/calibrated_multiseed/seed4.json

Compare 'held_out_false_alarm_rate' here against the manual grid's
'false_alarm_rate' column in results/real_data_retune.json at a similar
h -- if calibrate_h's held-out FAR tracks target_far more closely than
the manual grid's FAR tracked the Gaussian-theory expectation for that
h, that's the evidence the empirical-calibration approach is doing its
job. As with real_data_retune.py: this is a single-seed diagnostic --
confirm across multiple seeds before citing a specific number.
[1/3] Real burn-in: 20000 events, training proxy VAE...
[real burn-in] 20000 events, VAE loss=3.0887, residual mean=-0.000 std=1.000

[2/3] Precomputing shared residual windows/caches (identical to real_data_retune.py's, for apples-to-apples comparison)...

[3/3] Calibrating h for target FAR in [0.02, 0.05, 0.1] (k=0.5 fixed)...

 target_far  chosen_h  measured_FAR  masked_miss   rad_miss
       0.02     11.25         0.020         0.90       0.10
       0.05     10.25         0.045         0.80       0.00
       0.10      9.75         0.085         0.70       0.00

Done. Results written to results/calibrated_multiseed/seed5.json

Compare 'held_out_false_alarm_rate' here against the manual grid's
'false_alarm_rate' column in results/real_data_retune.json at a similar
h -- if calibrate_h's held-out FAR tracks target_far more closely than
the manual grid's FAR tracked the Gaussian-theory expectation for that
h, that's the evidence the empirical-calibration approach is doing its
job. As with real_data_retune.py: this is a single-seed diagnostic --
confirm across multiple seeds before citing a specific number.

============================================================
Seed 0 -> results/calibrated_multiseed/seed0.json
============================================================

============================================================
Seed 1 -> results/calibrated_multiseed/seed1.json
============================================================

============================================================
Seed 2 -> results/calibrated_multiseed/seed2.json
============================================================

============================================================
Seed 3 -> results/calibrated_multiseed/seed3.json
============================================================

============================================================
Seed 4 -> results/calibrated_multiseed/seed4.json
============================================================

============================================================
Seed 5 -> results/calibrated_multiseed/seed5.json
============================================================

All seeds done. Aggregate with:
  python3 scripts/aggregate_calibrated_threshold.py results/calibrated_multiseed/seed*.json
